Γû▓ Next.js 16.1.6 (Turbopack)

node.exe : ΓÜá The "middleware" 
file convention is deprecated. 
Please use "proxy" instead. Learn 
more: https://nextjs.org/docs/mess
ages/middleware-to-proxy
At C:\Program 
Files\nodejs\npx.ps1:29 char:3
+   & $NODE_EXE $NPX_CLI_JS $args
+   ~~~~~~~~~~~~~~~~~~~~~~~~~~~~~
    + CategoryInfo          : Not 
   Specified: (ΓÜá The "middle..  
  .leware-to-proxy:String) [],    
 RemoteException
    + FullyQualifiedErrorId : Nat 
   iveCommandError
 
  Creating an optimized production build ...
Turbopack build encountered 2 
warnings:
./lib/services/notification-servic
e.ts:102:46
Module not found: Can't resolve 
'@capacitor/local-notifications'
[0m [90m 100 |[39m     
[36mtry[39m {
 [90m 101 |[39m         [90m// 
@ts-ignore ΓÇö Module available 
only in Capacitor environment[39m
[31m[1m>[22m[39m[90m 102 
|[39m         [36mconst[39m { 
[33mLocalNotifications[39m } 
[33m=[39m [36mawait[39m [36mi
mport[39m([32m'@capacitor/local-
notifications'[39m)[33m;[39m
 [90m     |[39m                 
                             [31m
[1m^[22m[39m[31m[1m^[22m[39
m[31m[1m^[22m[39m[31m[1m^[2
2m[39m[31m[1m^[22m[39m[31m[
1m^[22m[39m[31m[1m^[22m[39m
[31m[1m^[22m[39m[31m[1m^[22m
[39m[31m[1m^[22m[39m[31m[1m
^[22m[39m[31m[1m^[22m[39m[3
1m[1m^[22m[39m[31m[1m^[22m[
39m[31m[1m^[22m[39m[31m[1m^
[22m[39m[31m[1m^[22m[39m[31m
[1m^[22m[39m[31m[1m^[22m[39
m[31m[1m^[22m[39m[31m[1m^[2
2m[39m[31m[1m^[22m[39m[31m[
1m^[22m[39m[31m[1m^[22m[39m
[31m[1m^[22m[39m[31m[1m^[22m
[39m[31m[1m^[22m[39m[31m[1m
^[22m[39m[31m[1m^[22m[39m[3
1m[1m^[22m[39m[31m[1m^[22m[
39m[31m[1m^[22m[39m[31m[1m^
[22m[39m[31m[1m^[22m[39m[31m
[1m^[22m[39m[31m[1m^[22m[39
m[31m[1m^[22m[39m[31m[1m^[2
2m[39m[31m[1m^[22m[39m[31m[
1m^[22m[39m
 [90m 103 |[39m         
[36mawait[39m [33mLocalNotifica
tions[39m[33m.[39mschedule({
 [90m 104 |[39m             
notifications[33m:[39m [{
 [90m 105 |[39m                 
title[33m:[39m payload[33m.[39
mtitle[33m,[39m[0m



Import traces:
  Client Component Browser:
    ./lib/services/notification-se
rvice.ts [Client Component 
Browser]
    
./lib/services/matrix-service.ts 
[Client Component Browser]
    ./app/chat/layout.tsx [Client 
Component Browser]
    ./app/chat/layout.tsx [Server 
Component]

  Client Component SSR:
    ./lib/services/notification-se
rvice.ts [Client Component SSR]
    
./lib/services/matrix-service.ts 
[Client Component SSR]
    ./app/chat/layout.tsx [Client 
Component SSR]
    ./app/chat/layout.tsx [Server 
Component]

https://nextjs.org/docs/messages/m
odule-not-found


./lib/services/notification-servic
e.ts:89:57
Module not found: Can't resolve 
'@tauri-apps/plugin-notification'
[0m [90m 87 |[39m     
[36mtry[39m {
 [90m 88 |[39m         [90m// 
@ts-ignore ΓÇö Module available 
only in Tauri environment[39m
[31m[1m>[22m[39m[90m 89 
|[39m         [36mconst[39m { 
sendNotification[33m:[39m 
tauriNotify } [33m=[39m 
[36mawait[39m [36mimport[39m(
[32m'@tauri-apps/plugin-notificati
on'[39m)[33m;[39m
 [90m    |[39m                  
                                  
     [31m[1m^[22m[39m[31m[1m
^[22m[39m[31m[1m^[22m[39m[3
1m[1m^[22m[39m[31m[1m^[22m[
39m[31m[1m^[22m[39m[31m[1m^
[22m[39m[31m[1m^[22m[39m[31m
[1m^[22m[39m[31m[1m^[22m[39
m[31m[1m^[22m[39m[31m[1m^[2
2m[39m[31m[1m^[22m[39m[31m[
1m^[22m[39m[31m[1m^[22m[39m
[31m[1m^[22m[39m[31m[1m^[22m
[39m[31m[1m^[22m[39m[31m[1m
^[22m[39m[31m[1m^[22m[39m[3
1m[1m^[22m[39m[31m[1m^[22m[
39m[31m[1m^[22m[39m[31m[1m^
[22m[39m[31m[1m^[22m[39m[31m
[1m^[22m[39m[31m[1m^[22m[39
m[31m[1m^[22m[39m[31m[1m^[2
2m[39m[31m[1m^[22m[39m[31m[
1m^[22m[39m[31m[1m^[22m[39m
[31m[1m^[22m[39m[31m[1m^[22m
[39m[31m[1m^[22m[39m[31m[1m
^[22m[39m[31m[1m^[22m[39m[3
1m[1m^[22m[39m[31m[1m^[22m[
39m[31m[1m^[22m[39m[31m[1m^
[22m[39m
 [90m 90 |[39m         
[36mawait[39m tauriNotify({ 
title[33m:[39m payload[33m.[39
mtitle[33m,[39m body[33m:[39m 
payload[33m.[39mbody 
})[33m;[39m
 [90m 91 |[39m     } 
[36mcatch[39m {
 [90m 92 |[39m         [90m// 
Fallback to web 
notification[39m[0m



Import traces:
  Client Component Browser:
    ./lib/services/notification-se
rvice.ts [Client Component 
Browser]
    
./lib/services/matrix-service.ts 
[Client Component Browser]
    ./app/chat/layout.tsx [Client 
Component Browser]
    ./app/chat/layout.tsx [Server 
Component]

  Client Component SSR:
    ./lib/services/notification-se
rvice.ts [Client Component SSR]
    
./lib/services/matrix-service.ts 
[Client Component SSR]
    ./app/chat/layout.tsx [Client 
Component SSR]
    ./app/chat/layout.tsx [Server 
Component]

https://nextjs.org/docs/messages/m
odule-not-found


Γ£ô Compiled successfully in 2.0s
  Running TypeScript ...
  Collecting page data using 11 workers ...
  Generating static pages using 11 workers (0/10) ...
  Generating static pages using 11 workers (2/10) 
  Generating static pages using 11 workers (4/10) 
  Generating static pages using 11 workers (7/10) 
Γ£ô Generating static pages using 11 workers (10/10) in 284.8ms
  Finalizing page optimization ...

Route (app)
Γöî Γùï /
Γö£ Γùï /_not-found
Γö£ Γùï /chat
Γö£ ╞Æ /chat/[roomId]
Γö£ Γùï /chat/search
Γö£ Γùï /icon.png
Γö£ Γùï /login
Γö£ Γùï /register
Γöö Γùï /settings


╞Æ Proxy (Middleware)

Γùï  (Static)   prerendered as static content
╞Æ  (Dynamic)  server-rendered on demand

